
> web@1.0.0 build
> next build

Γû▓ Next.js 16.1.6 (Turbopack)

  Creating an optimized production build ...
node.exe : 
At line:1 char:1
+ & "C:\Program Files\
nodejs/node.exe" 
"C:\Program 
Files\nodejs/node_mo 
...
+ ~~~~~~~~~~~~~~~~~~~~
~~~~~~~~~~~~~~~~~~~~~~
~~~~~~~~~~~~~~~~~~~~~~
~~~~~
    + CategoryInfo    
          : NotSpeci  
  fied: (:String) [   
 ], RemoteExceptio    
n
    + FullyQualifiedE 
   rrorId : NativeCo  
  mmandError
 
> Build error occurred
Error: Turbopack 
build failed with 8 
errors:
./src/components/featu
res/about/AboutView.ts
x:4:1
Module not found: 
Can't resolve 
'./Breadcrumbs'
[0m [90m 2 |[39m 
[36mimport[39m 
[33mHeader[39m 
[36mfrom[39m [32m'.
/Header'[39m[33m;[3
9m
 [90m 3 |[39m 
[36mimport[39m 
[33mSidebar[39m 
[36mfrom[39m [32m'.
/Sidebar'[39m[33m;[
39m
[31m[1m>[22m[39m[
90m 4 |[39m 
[36mimport[39m 
[33mBreadcrumbs[39m 
[36mfrom[39m [32m'.
/Breadcrumbs'[39m[33
m;[39m
 [90m   |[39m [31m
[1m^[22m[39m[31m[1
m^[22m[39m[31m[1m^
[22m[39m[31m[1m^[
22m[39m[31m[1m^[22
m[39m[31m[1m^[22m
[39m[31m[1m^[22m[3
9m[31m[1m^[22m[39m
[31m[1m^[22m[39m[
31m[1m^[22m[39m[31
m[1m^[22m[39m[31m
[1m^[22m[39m[31m[1
m^[22m[39m[31m[1m^
[22m[39m[31m[1m^[
22m[39m[31m[1m^[22
m[39m[31m[1m^[22m
[39m[31m[1m^[22m[3
9m[31m[1m^[22m[39m
[31m[1m^[22m[39m[
31m[1m^[22m[39m[31
m[1m^[22m[39m[31m
[1m^[22m[39m[31m[1
m^[22m[39m[31m[1m^
[22m[39m[31m[1m^[
22m[39m[31m[1m^[22
m[39m[31m[1m^[22m
[39m[31m[1m^[22m[3
9m[31m[1m^[22m[39m
[31m[1m^[22m[39m[
31m[1m^[22m[39m[31
m[1m^[22m[39m[31m
[1m^[22m[39m[31m[1
m^[22m[39m[31m[1m^
[22m[39m[31m[1m^[
22m[39m[31m[1m^[22
m[39m[31m[1m^[22m
[39m[31m[1m^[22m[3
9m
 [90m 5 |[39m 
[36mimport[39m 
[33mFooter[39m 
[36mfrom[39m [32m'.
/Footer'[39m[33m;[3
9m
 [90m 6 |[39m
 [90m 7 |[39m 
[36mexport[39m 
[36mdefault[39m 
[36mfunction[39m 
[33mAboutView[39m() 
{[0m



Import trace:
  Server Component:
    ./src/components/f
eatures/about/AboutVie
w.tsx
    ./src/app/about/pa
ge.tsx

https://nextjs.org/doc
s/messages/module-not-
found


./src/components/featu
res/contact/ContactVie
w.tsx:4:1
Module not found: 
Can't resolve 
'./Breadcrumbs'
[0m [90m 2 |[39m 
[36mimport[39m 
[33mHeader[39m 
[36mfrom[39m [32m'.
/Header'[39m[33m;[3
9m
 [90m 3 |[39m 
[36mimport[39m 
[33mSidebar[39m 
[36mfrom[39m [32m'.
/Sidebar'[39m[33m;[
39m
[31m[1m>[22m[39m[
90m 4 |[39m 
[36mimport[39m 
[33mBreadcrumbs[39m 
[36mfrom[39m [32m'.
/Breadcrumbs'[39m[33
m;[39m
 [90m   |[39m [31m
[1m^[22m[39m[31m[1
m^[22m[39m[31m[1m^
[22m[39m[31m[1m^[
22m[39m[31m[1m^[22
m[39m[31m[1m^[22m
[39m[31m[1m^[22m[3
9m[31m[1m^[22m[39m
[31m[1m^[22m[39m[
31m[1m^[22m[39m[31
m[1m^[22m[39m[31m
[1m^[22m[39m[31m[1
m^[22m[39m[31m[1m^
[22m[39m[31m[1m^[
22m[39m[31m[1m^[22
m[39m[31m[1m^[22m
[39m[31m[1m^[22m[3
9m[31m[1m^[22m[39m
[31m[1m^[22m[39m[
31m[1m^[22m[39m[31
m[1m^[22m[39m[31m
[1m^[22m[39m[31m[1
m^[22m[39m[31m[1m^
[22m[39m[31m[1m^[
22m[39m[31m[1m^[22
m[39m[31m[1m^[22m
[39m[31m[1m^[22m[3
9m[31m[1m^[22m[39m
[31m[1m^[22m[39m[
31m[1m^[22m[39m[31
m[1m^[22m[39m[31m
[1m^[22m[39m[31m[1
m^[22m[39m[31m[1m^
[22m[39m[31m[1m^[
22m[39m[31m[1m^[22
m[39m[31m[1m^[22m
[39m[31m[1m^[22m[3
9m
 [90m 5 |[39m 
[36mimport[39m 
[33mFooter[39m 
[36mfrom[39m [32m'.
/Footer'[39m[33m;[3
9m
 [90m 6 |[39m
 [90m 7 |[39m 
[36mexport[39m 
[36mdefault[39m 
[36mfunction[39m [3
3mContactView[39m() 
{[0m



Import trace:
  Server Component:
    ./src/components/f
eatures/contact/Contac
tView.tsx
    ./src/app/contact/
page.tsx

https://nextjs.org/doc
s/messages/module-not-
found


./src/components/featu
res/about/AboutView.ts
x:5:1
Module not found: 
Can't resolve 
'./Footer'
[0m [90m 3 |[39m 
[36mimport[39m 
[33mSidebar[39m 
[36mfrom[39m [32m'.
/Sidebar'[39m[33m;[
39m
 [90m 4 |[39m 
[36mimport[39m 
[33mBreadcrumbs[39m 
[36mfrom[39m [32m'.
/Breadcrumbs'[39m[33
m;[39m
[31m[1m>[22m[39m[
90m 5 |[39m 
[36mimport[39m 
[33mFooter[39m 
[36mfrom[39m [32m'.
/Footer'[39m[33m;[3
9m
 [90m   |[39m [31m
[1m^[22m[39m[31m[1
m^[22m[39m[31m[1m^
[22m[39m[31m[1m^[
22m[39m[31m[1m^[22
m[39m[31m[1m^[22m
[39m[31m[1m^[22m[3
9m[31m[1m^[22m[39m
[31m[1m^[22m[39m[
31m[1m^[22m[39m[31
m[1m^[22m[39m[31m
[1m^[22m[39m[31m[1
m^[22m[39m[31m[1m^
[22m[39m[31m[1m^[
22m[39m[31m[1m^[22
m[39m[31m[1m^[22m
[39m[31m[1m^[22m[3
9m[31m[1m^[22m[39m
[31m[1m^[22m[39m[
31m[1m^[22m[39m[31
m[1m^[22m[39m[31m
[1m^[22m[39m[31m[1
m^[22m[39m[31m[1m^
[22m[39m[31m[1m^[
22m[39m[31m[1m^[22
m[39m[31m[1m^[22m
[39m[31m[1m^[22m[3
9m[31m[1m^[22m[39m
 [90m 6 |[39m
 [90m 7 |[39m 
[36mexport[39m 
[36mdefault[39m 
[36mfunction[39m 
[33mAboutView[39m() 
{
 [90m 8 |[39m     
[36mreturn[39m ([0m



Import trace:
  Server Component:
    ./src/components/f
eatures/about/AboutVie
w.tsx
    ./src/app/about/pa
ge.tsx

https://nextjs.org/doc
s/messages/module-not-
found


./src/components/featu
res/contact/ContactVie
w.tsx:5:1
Module not found: 
Can't resolve 
'./Footer'
[0m [90m 3 |[39m 
[36mimport[39m 
[33mSidebar[39m 
[36mfrom[39m [32m'.
/Sidebar'[39m[33m;[
39m
 [90m 4 |[39m 
[36mimport[39m 
[33mBreadcrumbs[39m 
[36mfrom[39m [32m'.
/Breadcrumbs'[39m[33
m;[39m
[31m[1m>[22m[39m[
90m 5 |[39m 
[36mimport[39m 
[33mFooter[39m 
[36mfrom[39m [32m'.
/Footer'[39m[33m;[3
9m
 [90m   |[39m [31m
[1m^[22m[39m[31m[1
m^[22m[39m[31m[1m^
[22m[39m[31m[1m^[
22m[39m[31m[1m^[22
m[39m[31m[1m^[22m
[39m[31m[1m^[22m[3
9m[31m[1m^[22m[39m
[31m[1m^[22m[39m[
31m[1m^[22m[39m[31
m[1m^[22m[39m[31m
[1m^[22m[39m[31m[1
m^[22m[39m[31m[1m^
[22m[39m[31m[1m^[
22m[39m[31m[1m^[22
m[39m[31m[1m^[22m
[39m[31m[1m^[22m[3
9m[31m[1m^[22m[39m
[31m[1m^[22m[39m[
31m[1m^[22m[39m[31
m[1m^[22m[39m[31m
[1m^[22m[39m[31m[1
m^[22m[39m[31m[1m^
[22m[39m[31m[1m^[
22m[39m[31m[1m^[22
m[39m[31m[1m^[22m
[39m[31m[1m^[22m[3
9m[31m[1m^[22m[39m
 [90m 6 |[39m
 [90m 7 |[39m 
[36mexport[39m 
[36mdefault[39m 
[36mfunction[39m [3
3mContactView[39m() {
 [90m 8 |[39m     
[36mreturn[39m ([0m



Import trace:
  Server Component:
    ./src/components/f
eatures/contact/Contac
tView.tsx
    ./src/app/contact/
page.tsx

https://nextjs.org/doc
s/messages/module-not-
found


./src/components/featu
res/about/AboutView.ts
x:2:1
Module not found: 
Can't resolve 
'./Header'
[0m [90m 1 |[39m 
[32m"use client"[39m
[33m;[39m
[31m[1m>[22m[39m[
90m 2 |[39m 
[36mimport[39m 
[33mHeader[39m 
[36mfrom[39m [32m'.
/Header'[39m[33m;[3
9m
 [90m   |[39m [31m
[1m^[22m[39m[31m[1
m^[22m[39m[31m[1m^
[22m[39m[31m[1m^[
22m[39m[31m[1m^[22
m[39m[31m[1m^[22m
[39m[31m[1m^[22m[3
9m[31m[1m^[22m[39m
[31m[1m^[22m[39m[
31m[1m^[22m[39m[31
m[1m^[22m[39m[31m
[1m^[22m[39m[31m[1
m^[22m[39m[31m[1m^
[22m[39m[31m[1m^[
22m[39m[31m[1m^[22
m[39m[31m[1m^[22m
[39m[31m[1m^[22m[3
9m[31m[1m^[22m[39m
[31m[1m^[22m[39m[
31m[1m^[22m[39m[31
m[1m^[22m[39m[31m
[1m^[22m[39m[31m[1
m^[22m[39m[31m[1m^
[22m[39m[31m[1m^[
22m[39m[31m[1m^[22
m[39m[31m[1m^[22m
[39m[31m[1m^[22m[3
9m[31m[1m^[22m[39m
 [90m 3 |[39m 
[36mimport[39m 
[33mSidebar[39m 
[36mfrom[39m [32m'.
/Sidebar'[39m[33m;[
39m
 [90m 4 |[39m 
[36mimport[39m 
[33mBreadcrumbs[39m 
[36mfrom[39m [32m'.
/Breadcrumbs'[39m[33
m;[39m
 [90m 5 |[39m 
[36mimport[39m 
[33mFooter[39m 
[36mfrom[39m [32m'.
/Footer'[39m[33m;[3
9m[0m



Import trace:
  Server Component:
    ./src/components/f
eatures/about/AboutVie
w.tsx
    ./src/app/about/pa
ge.tsx

https://nextjs.org/doc
s/messages/module-not-
found


./src/components/featu
res/contact/ContactVie
w.tsx:2:1
Module not found: 
Can't resolve 
'./Header'
[0m [90m 1 |[39m 
[32m"use client"[39m
[33m;[39m
[31m[1m>[22m[39m[
90m 2 |[39m 
[36mimport[39m 
[33mHeader[39m 
[36mfrom[39m [32m'.
/Header'[39m[33m;[3
9m
 [90m   |[39m [31m
[1m^[22m[39m[31m[1
m^[22m[39m[31m[1m^
[22m[39m[31m[1m^[
22m[39m[31m[1m^[22
m[39m[31m[1m^[22m
[39m[31m[1m^[22m[3
9m[31m[1m^[22m[39m
[31m[1m^[22m[39m[
31m[1m^[22m[39m[31
m[1m^[22m[39m[31m
[1m^[22m[39m[31m[1
m^[22m[39m[31m[1m^
[22m[39m[31m[1m^[
22m[39m[31m[1m^[22
m[39m[31m[1m^[22m
[39m[31m[1m^[22m[3
9m[31m[1m^[22m[39m
[31m[1m^[22m[39m[
31m[1m^[22m[39m[31
m[1m^[22m[39m[31m
[1m^[22m[39m[31m[1
m^[22m[39m[31m[1m^
[22m[39m[31m[1m^[
22m[39m[31m[1m^[22
m[39m[31m[1m^[22m
[39m[31m[1m^[22m[3
9m[31m[1m^[22m[39m
 [90m 3 |[39m 
[36mimport[39m 
[33mSidebar[39m 
[36mfrom[39m [32m'.
/Sidebar'[39m[33m;[
39m
 [90m 4 |[39m 
[36mimport[39m 
[33mBreadcrumbs[39m 
[36mfrom[39m [32m'.
/Breadcrumbs'[39m[33
m;[39m
 [90m 5 |[39m 
[36mimport[39m 
[33mFooter[39m 
[36mfrom[39m [32m'.
/Footer'[39m[33m;[3
9m[0m



Import trace:
  Server Component:
    ./src/components/f
eatures/contact/Contac
tView.tsx
    ./src/app/contact/
page.tsx

https://nextjs.org/doc
s/messages/module-not-
found


./src/components/featu
res/about/AboutView.ts
x:3:1
Module not found: 
Can't resolve 
'./Sidebar'
[0m [90m 1 |[39m 
[32m"use client"[39m
[33m;[39m
 [90m 2 |[39m 
[36mimport[39m 
[33mHeader[39m 
[36mfrom[39m [32m'.
/Header'[39m[33m;[3
9m
[31m[1m>[22m[39m[
90m 3 |[39m 
[36mimport[39m 
[33mSidebar[39m 
[36mfrom[39m [32m'.
/Sidebar'[39m[33m;[
39m
 [90m   |[39m [31m
[1m^[22m[39m[31m[1
m^[22m[39m[31m[1m^
[22m[39m[31m[1m^[
22m[39m[31m[1m^[22
m[39m[31m[1m^[22m
[39m[31m[1m^[22m[3
9m[31m[1m^[22m[39m
[31m[1m^[22m[39m[
31m[1m^[22m[39m[31
m[1m^[22m[39m[31m
[1m^[22m[39m[31m[1
m^[22m[39m[31m[1m^
[22m[39m[31m[1m^[
22m[39m[31m[1m^[22
m[39m[31m[1m^[22m
[39m[31m[1m^[22m[3
9m[31m[1m^[22m[39m
[31m[1m^[22m[39m[
31m[1m^[22m[39m[31
m[1m^[22m[39m[31m
[1m^[22m[39m[31m[1
m^[22m[39m[31m[1m^
[22m[39m[31m[1m^[
22m[39m[31m[1m^[22
m[39m[31m[1m^[22m
[39m[31m[1m^[22m[3
9m[31m[1m^[22m[39m
[31m[1m^[22m[39m[
31m[1m^[22m[39m
 [90m 4 |[39m 
[36mimport[39m 
[33mBreadcrumbs[39m 
[36mfrom[39m [32m'.
/Breadcrumbs'[39m[33
m;[39m
 [90m 5 |[39m 
[36mimport[39m 
[33mFooter[39m 
[36mfrom[39m [32m'.
/Footer'[39m[33m;[3
9m
 [90m 6 |[39m[0m



Import trace:
  Server Component:
    ./src/components/f
eatures/about/AboutVie
w.tsx
    ./src/app/about/pa
ge.tsx

https://nextjs.org/doc
s/messages/module-not-
found


./src/components/featu
res/contact/ContactVie
w.tsx:3:1
Module not found: 
Can't resolve 
'./Sidebar'
[0m [90m 1 |[39m 
[32m"use client"[39m
[33m;[39m
 [90m 2 |[39m 
[36mimport[39m 
[33mHeader[39m 
[36mfrom[39m [32m'.
/Header'[39m[33m;[3
9m
[31m[1m>[22m[39m[
90m 3 |[39m 
[36mimport[39m 
[33mSidebar[39m 
[36mfrom[39m [32m'.
/Sidebar'[39m[33m;[
39m
 [90m   |[39m [31m
[1m^[22m[39m[31m[1
m^[22m[39m[31m[1m^
[22m[39m[31m[1m^[
22m[39m[31m[1m^[22
m[39m[31m[1m^[22m
[39m[31m[1m^[22m[3
9m[31m[1m^[22m[39m
[31m[1m^[22m[39m[
31m[1m^[22m[39m[31
m[1m^[22m[39m[31m
[1m^[22m[39m[31m[1
m^[22m[39m[31m[1m^
[22m[39m[31m[1m^[
22m[39m[31m[1m^[22
m[39m[31m[1m^[22m
[39m[31m[1m^[22m[3
9m[31m[1m^[22m[39m
[31m[1m^[22m[39m[
31m[1m^[22m[39m[31
m[1m^[22m[39m[31m
[1m^[22m[39m[31m[1
m^[22m[39m[31m[1m^
[22m[39m[31m[1m^[
22m[39m[31m[1m^[22
m[39m[31m[1m^[22m
[39m[31m[1m^[22m[3
9m[31m[1m^[22m[39m
[31m[1m^[22m[39m[
31m[1m^[22m[39m
 [90m 4 |[39m 
[36mimport[39m 
[33mBreadcrumbs[39m 
[36mfrom[39m [32m'.
/Breadcrumbs'[39m[33
m;[39m
 [90m 5 |[39m 
[36mimport[39m 
[33mFooter[39m 
[36mfrom[39m [32m'.
/Footer'[39m[33m;[3
9m
 [90m 6 |[39m[0m



Import trace:
  Server Component:
    ./src/components/f
eatures/contact/Contac
tView.tsx
    ./src/app/contact/
page.tsx

https://nextjs.org/doc
s/messages/module-not-
found


    at <unknown> (./sr
c/components/features/
about/AboutView.tsx:4:
1)
    at <unknown> (http
s://nextjs.org/docs/me
ssages/module-not-foun
d)
    at <unknown> (./sr
c/components/features/
contact/ContactView.ts
x:4:1)
    at <unknown> (http
s://nextjs.org/docs/me
ssages/module-not-foun
d)
    at <unknown> (./sr
c/components/features/
about/AboutView.tsx:5:
1)
    at <unknown> (http
s://nextjs.org/docs/me
ssages/module-not-foun
d)
    at <unknown> (./sr
c/components/features/
contact/ContactView.ts
x:5:1)
    at <unknown> (http
s://nextjs.org/docs/me
ssages/module-not-foun
d)
    at <unknown> (./sr
c/components/features/
about/AboutView.tsx:2:
1)
    at <unknown> (http
s://nextjs.org/docs/me
ssages/module-not-foun
d)
    at <unknown> (./sr
c/components/features/
contact/ContactView.ts
x:2:1)
    at <unknown> (http
s://nextjs.org/docs/me
ssages/module-not-foun
d)
    at <unknown> (./sr
c/components/features/
about/AboutView.tsx:3:
1)
    at <unknown> (http
s://nextjs.org/docs/me
ssages/module-not-foun
d)
    at <unknown> (./sr
c/components/features/
contact/ContactView.ts
x:3:1)
    at <unknown> (http
s://nextjs.org/docs/me
ssages/module-not-foun
d)
