Γû▓ Next.js 16.1.6 (Turbopack)

  Creating an optimized production build ...
node.exe : 
At line:1 char:1
+ & "C:\Program Files
\nodejs/node.exe" 
"C:\Program 
Files\nodejs/node_mo 
...
+ ~~~~~~~~~~~~~~~~~~~
~~~~~~~~~~~~~~~~~~~~~
~~~~~~~~~~~~~~~~~~~~~
~~~~~~~~
    + CategoryInfo   
           : NotSpe  
  cified: (:String   
 ) [], RemoteExce    
ption
    + FullyQualified 
   ErrorId : Native  
  CommandError
 
> Build error 
occurred
Error: Turbopack 
build failed with 9 
errors:
./src/components/feat
ures/about/AboutView.
tsx:4:1
Module not found: 
Can't resolve 
'./Breadcrumbs'
[0m [90m 2 |[39m 
[36mimport[39m 
[33mHeader[39m 
[36mfrom[39m [32m'
./Header'[39m[33m;
[39m
 [90m 3 |[39m 
[36mimport[39m 
[33mSidebar[39m 
[36mfrom[39m [32m'
./Sidebar'[39m[33m;
[39m
[31m[1m>[22m[39m
[90m 4 |[39m 
[36mimport[39m [33
mBreadcrumbs[39m 
[36mfrom[39m [32m'
./Breadcrumbs'[39m[
33m;[39m
 [90m   |[39m [31m
[1m^[22m[39m[31m
[1m^[22m[39m[31m[
1m^[22m[39m[31m[1
m^[22m[39m[31m[1m
^[22m[39m[31m[1m^
[22m[39m[31m[1m^
[22m[39m[31m[1m^[
22m[39m[31m[1m^[2
2m[39m[31m[1m^[22
m[39m[31m[1m^[22m
[39m[31m[1m^[22m
[39m[31m[1m^[22m[
39m[31m[1m^[22m[3
9m[31m[1m^[22m[39
m[31m[1m^[22m[39m
[31m[1m^[22m[39m
[31m[1m^[22m[39m[
31m[1m^[22m[39m[3
1m[1m^[22m[39m[31
m[1m^[22m[39m[31m
[1m^[22m[39m[31m
[1m^[22m[39m[31m[
1m^[22m[39m[31m[1
m^[22m[39m[31m[1m
^[22m[39m[31m[1m^
[22m[39m[31m[1m^
[22m[39m[31m[1m^[
22m[39m[31m[1m^[2
2m[39m[31m[1m^[22
m[39m[31m[1m^[22m
[39m[31m[1m^[22m
[39m[31m[1m^[22m[
39m[31m[1m^[22m[3
9m[31m[1m^[22m[39
m[31m[1m^[22m[39m
[31m[1m^[22m[39m
[31m[1m^[22m[39m[
31m[1m^[22m[39m
 [90m 5 |[39m 
[36mimport[39m 
[33mFooter[39m 
[36mfrom[39m [32m'
./Footer'[39m[33m;
[39m
 [90m 6 |[39m
 [90m 7 |[39m 
[36mexport[39m 
[36mdefault[39m 
[36mfunction[39m [
33mAboutView[39m() 
{[0m



Import trace:
  Server Component:
    ./src/components/
features/about/AboutV
iew.tsx
    ./src/app/about/p
age.tsx

https://nextjs.org/do
cs/messages/module-no
t-found


./src/components/feat
ures/contact/ContactV
iew.tsx:4:1
Module not found: 
Can't resolve 
'./Breadcrumbs'
[0m [90m 2 |[39m 
[36mimport[39m 
[33mHeader[39m 
[36mfrom[39m [32m'
./Header'[39m[33m;
[39m
 [90m 3 |[39m 
[36mimport[39m 
[33mSidebar[39m 
[36mfrom[39m [32m'
./Sidebar'[39m[33m;
[39m
[31m[1m>[22m[39m
[90m 4 |[39m 
[36mimport[39m [33
mBreadcrumbs[39m 
[36mfrom[39m [32m'
./Breadcrumbs'[39m[
33m;[39m
 [90m   |[39m [31m
[1m^[22m[39m[31m
[1m^[22m[39m[31m[
1m^[22m[39m[31m[1
m^[22m[39m[31m[1m
^[22m[39m[31m[1m^
[22m[39m[31m[1m^
[22m[39m[31m[1m^[
22m[39m[31m[1m^[2
2m[39m[31m[1m^[22
m[39m[31m[1m^[22m
[39m[31m[1m^[22m
[39m[31m[1m^[22m[
39m[31m[1m^[22m[3
9m[31m[1m^[22m[39
m[31m[1m^[22m[39m
[31m[1m^[22m[39m
[31m[1m^[22m[39m[
31m[1m^[22m[39m[3
1m[1m^[22m[39m[31
m[1m^[22m[39m[31m
[1m^[22m[39m[31m
[1m^[22m[39m[31m[
1m^[22m[39m[31m[1
m^[22m[39m[31m[1m
^[22m[39m[31m[1m^
[22m[39m[31m[1m^
[22m[39m[31m[1m^[
22m[39m[31m[1m^[2
2m[39m[31m[1m^[22
m[39m[31m[1m^[22m
[39m[31m[1m^[22m
[39m[31m[1m^[22m[
39m[31m[1m^[22m[3
9m[31m[1m^[22m[39
m[31m[1m^[22m[39m
[31m[1m^[22m[39m
[31m[1m^[22m[39m[
31m[1m^[22m[39m
 [90m 5 |[39m 
[36mimport[39m 
[33mFooter[39m 
[36mfrom[39m [32m'
./Footer'[39m[33m;
[39m
 [90m 6 |[39m
 [90m 7 |[39m 
[36mexport[39m 
[36mdefault[39m 
[36mfunction[39m [
33mContactView[39m()
 {[0m



Import trace:
  Server Component:
    ./src/components/
features/contact/Cont
actView.tsx
    ./src/app/contact
/page.tsx

https://nextjs.org/do
cs/messages/module-no
t-found


./src/components/feat
ures/about/AboutView.
tsx:5:1
Module not found: 
Can't resolve 
'./Footer'
[0m [90m 3 |[39m 
[36mimport[39m 
[33mSidebar[39m 
[36mfrom[39m [32m'
./Sidebar'[39m[33m;
[39m
 [90m 4 |[39m 
[36mimport[39m [33
mBreadcrumbs[39m 
[36mfrom[39m [32m'
./Breadcrumbs'[39m[
33m;[39m
[31m[1m>[22m[39m
[90m 5 |[39m 
[36mimport[39m 
[33mFooter[39m 
[36mfrom[39m [32m'
./Footer'[39m[33m;
[39m
 [90m   |[39m [31m
[1m^[22m[39m[31m
[1m^[22m[39m[31m[
1m^[22m[39m[31m[1
m^[22m[39m[31m[1m
^[22m[39m[31m[1m^
[22m[39m[31m[1m^
[22m[39m[31m[1m^[
22m[39m[31m[1m^[2
2m[39m[31m[1m^[22
m[39m[31m[1m^[22m
[39m[31m[1m^[22m
[39m[31m[1m^[22m[
39m[31m[1m^[22m[3
9m[31m[1m^[22m[39
m[31m[1m^[22m[39m
[31m[1m^[22m[39m
[31m[1m^[22m[39m[
31m[1m^[22m[39m[3
1m[1m^[22m[39m[31
m[1m^[22m[39m[31m
[1m^[22m[39m[31m
[1m^[22m[39m[31m[
1m^[22m[39m[31m[1
m^[22m[39m[31m[1m
^[22m[39m[31m[1m^
[22m[39m[31m[1m^
[22m[39m[31m[1m^[
22m[39m[31m[1m^[2
2m[39m
 [90m 6 |[39m
 [90m 7 |[39m 
[36mexport[39m 
[36mdefault[39m 
[36mfunction[39m [
33mAboutView[39m() {
 [90m 8 |[39m     
[36mreturn[39m 
([0m



Import trace:
  Server Component:
    ./src/components/
features/about/AboutV
iew.tsx
    ./src/app/about/p
age.tsx

https://nextjs.org/do
cs/messages/module-no
t-found


./src/components/feat
ures/contact/ContactV
iew.tsx:5:1
Module not found: 
Can't resolve 
'./Footer'
[0m [90m 3 |[39m 
[36mimport[39m 
[33mSidebar[39m 
[36mfrom[39m [32m'
./Sidebar'[39m[33m;
[39m
 [90m 4 |[39m 
[36mimport[39m [33
mBreadcrumbs[39m 
[36mfrom[39m [32m'
./Breadcrumbs'[39m[
33m;[39m
[31m[1m>[22m[39m
[90m 5 |[39m 
[36mimport[39m 
[33mFooter[39m 
[36mfrom[39m [32m'
./Footer'[39m[33m;
[39m
 [90m   |[39m [31m
[1m^[22m[39m[31m
[1m^[22m[39m[31m[
1m^[22m[39m[31m[1
m^[22m[39m[31m[1m
^[22m[39m[31m[1m^
[22m[39m[31m[1m^
[22m[39m[31m[1m^[
22m[39m[31m[1m^[2
2m[39m[31m[1m^[22
m[39m[31m[1m^[22m
[39m[31m[1m^[22m
[39m[31m[1m^[22m[
39m[31m[1m^[22m[3
9m[31m[1m^[22m[39
m[31m[1m^[22m[39m
[31m[1m^[22m[39m
[31m[1m^[22m[39m[
31m[1m^[22m[39m[3
1m[1m^[22m[39m[31
m[1m^[22m[39m[31m
[1m^[22m[39m[31m
[1m^[22m[39m[31m[
1m^[22m[39m[31m[1
m^[22m[39m[31m[1m
^[22m[39m[31m[1m^
[22m[39m[31m[1m^
[22m[39m[31m[1m^[
22m[39m[31m[1m^[2
2m[39m
 [90m 6 |[39m
 [90m 7 |[39m 
[36mexport[39m 
[36mdefault[39m 
[36mfunction[39m [
33mContactView[39m()
 {
 [90m 8 |[39m     
[36mreturn[39m 
([0m



Import trace:
  Server Component:
    ./src/components/
features/contact/Cont
actView.tsx
    ./src/app/contact
/page.tsx

https://nextjs.org/do
cs/messages/module-no
t-found


./src/components/feat
ures/about/AboutView.
tsx:2:1
Module not found: 
Can't resolve 
'./Header'
[0m [90m 1 |[39m 
[32m"use client"[39
m[33m;[39m
[31m[1m>[22m[39m
[90m 2 |[39m 
[36mimport[39m 
[33mHeader[39m 
[36mfrom[39m [32m'
./Header'[39m[33m;
[39m
 [90m   |[39m [31m
[1m^[22m[39m[31m
[1m^[22m[39m[31m[
1m^[22m[39m[31m[1
m^[22m[39m[31m[1m
^[22m[39m[31m[1m^
[22m[39m[31m[1m^
[22m[39m[31m[1m^[
22m[39m[31m[1m^[2
2m[39m[31m[1m^[22
m[39m[31m[1m^[22m
[39m[31m[1m^[22m
[39m[31m[1m^[22m[
39m[31m[1m^[22m[3
9m[31m[1m^[22m[39
m[31m[1m^[22m[39m
[31m[1m^[22m[39m
[31m[1m^[22m[39m[
31m[1m^[22m[39m[3
1m[1m^[22m[39m[31
m[1m^[22m[39m[31m
[1m^[22m[39m[31m
[1m^[22m[39m[31m[
1m^[22m[39m[31m[1
m^[22m[39m[31m[1m
^[22m[39m[31m[1m^
[22m[39m[31m[1m^
[22m[39m[31m[1m^[
22m[39m[31m[1m^[2
2m[39m
 [90m 3 |[39m 
[36mimport[39m 
[33mSidebar[39m 
[36mfrom[39m [32m'
./Sidebar'[39m[33m;
[39m
 [90m 4 |[39m 
[36mimport[39m [33
mBreadcrumbs[39m 
[36mfrom[39m [32m'
./Breadcrumbs'[39m[
33m;[39m
 [90m 5 |[39m 
[36mimport[39m 
[33mFooter[39m 
[36mfrom[39m [32m'
./Footer'[39m[33m;
[39m[0m



Import trace:
  Server Component:
    ./src/components/
features/about/AboutV
iew.tsx
    ./src/app/about/p
age.tsx

https://nextjs.org/do
cs/messages/module-no
t-found


./src/components/feat
ures/contact/ContactV
iew.tsx:2:1
Module not found: 
Can't resolve 
'./Header'
[0m [90m 1 |[39m 
[32m"use client"[39
m[33m;[39m
[31m[1m>[22m[39m
[90m 2 |[39m 
[36mimport[39m 
[33mHeader[39m 
[36mfrom[39m [32m'
./Header'[39m[33m;
[39m
 [90m   |[39m [31m
[1m^[22m[39m[31m
[1m^[22m[39m[31m[
1m^[22m[39m[31m[1
m^[22m[39m[31m[1m
^[22m[39m[31m[1m^
[22m[39m[31m[1m^
[22m[39m[31m[1m^[
22m[39m[31m[1m^[2
2m[39m[31m[1m^[22
m[39m[31m[1m^[22m
[39m[31m[1m^[22m
[39m[31m[1m^[22m[
39m[31m[1m^[22m[3
9m[31m[1m^[22m[39
m[31m[1m^[22m[39m
[31m[1m^[22m[39m
[31m[1m^[22m[39m[
31m[1m^[22m[39m[3
1m[1m^[22m[39m[31
m[1m^[22m[39m[31m
[1m^[22m[39m[31m
[1m^[22m[39m[31m[
1m^[22m[39m[31m[1
m^[22m[39m[31m[1m
^[22m[39m[31m[1m^
[22m[39m[31m[1m^
[22m[39m[31m[1m^[
22m[39m[31m[1m^[2
2m[39m
 [90m 3 |[39m 
[36mimport[39m 
[33mSidebar[39m 
[36mfrom[39m [32m'
./Sidebar'[39m[33m;
[39m
 [90m 4 |[39m 
[36mimport[39m [33
mBreadcrumbs[39m 
[36mfrom[39m [32m'
./Breadcrumbs'[39m[
33m;[39m
 [90m 5 |[39m 
[36mimport[39m 
[33mFooter[39m 
[36mfrom[39m [32m'
./Footer'[39m[33m;
[39m[0m



Import trace:
  Server Component:
    ./src/components/
features/contact/Cont
actView.tsx
    ./src/app/contact
/page.tsx

https://nextjs.org/do
cs/messages/module-no
t-found


./src/components/feat
ures/about/AboutView.
tsx:3:1
Module not found: 
Can't resolve 
'./Sidebar'
[0m [90m 1 |[39m 
[32m"use client"[39
m[33m;[39m
 [90m 2 |[39m 
[36mimport[39m 
[33mHeader[39m 
[36mfrom[39m [32m'
./Header'[39m[33m;
[39m
[31m[1m>[22m[39m
[90m 3 |[39m 
[36mimport[39m 
[33mSidebar[39m 
[36mfrom[39m [32m'
./Sidebar'[39m[33m;
[39m
 [90m   |[39m [31m
[1m^[22m[39m[31m
[1m^[22m[39m[31m[
1m^[22m[39m[31m[1
m^[22m[39m[31m[1m
^[22m[39m[31m[1m^
[22m[39m[31m[1m^
[22m[39m[31m[1m^[
22m[39m[31m[1m^[2
2m[39m[31m[1m^[22
m[39m[31m[1m^[22m
[39m[31m[1m^[22m
[39m[31m[1m^[22m[
39m[31m[1m^[22m[3
9m[31m[1m^[22m[39
m[31m[1m^[22m[39m
[31m[1m^[22m[39m
[31m[1m^[22m[39m[
31m[1m^[22m[39m[3
1m[1m^[22m[39m[31
m[1m^[22m[39m[31m
[1m^[22m[39m[31m
[1m^[22m[39m[31m[
1m^[22m[39m[31m[1
m^[22m[39m[31m[1m
^[22m[39m[31m[1m^
[22m[39m[31m[1m^
[22m[39m[31m[1m^[
22m[39m[31m[1m^[2
2m[39m[31m[1m^[22
m[39m[31m[1m^[22m
[39m
 [90m 4 |[39m 
[36mimport[39m [33
mBreadcrumbs[39m 
[36mfrom[39m [32m'
./Breadcrumbs'[39m[
33m;[39m
 [90m 5 |[39m 
[36mimport[39m 
[33mFooter[39m 
[36mfrom[39m [32m'
./Footer'[39m[33m;
[39m
 [90m 6 |[39m[0m



Import trace:
  Server Component:
    ./src/components/
features/about/AboutV
iew.tsx
    ./src/app/about/p
age.tsx

https://nextjs.org/do
cs/messages/module-no
t-found


./src/components/feat
ures/contact/ContactV
iew.tsx:3:1
Module not found: 
Can't resolve 
'./Sidebar'
[0m [90m 1 |[39m 
[32m"use client"[39
m[33m;[39m
 [90m 2 |[39m 
[36mimport[39m 
[33mHeader[39m 
[36mfrom[39m [32m'
./Header'[39m[33m;
[39m
[31m[1m>[22m[39m
[90m 3 |[39m 
[36mimport[39m 
[33mSidebar[39m 
[36mfrom[39m [32m'
./Sidebar'[39m[33m;
[39m
 [90m   |[39m [31m
[1m^[22m[39m[31m
[1m^[22m[39m[31m[
1m^[22m[39m[31m[1
m^[22m[39m[31m[1m
^[22m[39m[31m[1m^
[22m[39m[31m[1m^
[22m[39m[31m[1m^[
22m[39m[31m[1m^[2
2m[39m[31m[1m^[22
m[39m[31m[1m^[22m
[39m[31m[1m^[22m
[39m[31m[1m^[22m[
39m[31m[1m^[22m[3
9m[31m[1m^[22m[39
m[31m[1m^[22m[39m
[31m[1m^[22m[39m
[31m[1m^[22m[39m[
31m[1m^[22m[39m[3
1m[1m^[22m[39m[31
m[1m^[22m[39m[31m
[1m^[22m[39m[31m
[1m^[22m[39m[31m[
1m^[22m[39m[31m[1
m^[22m[39m[31m[1m
^[22m[39m[31m[1m^
[22m[39m[31m[1m^
[22m[39m[31m[1m^[
22m[39m[31m[1m^[2
2m[39m[31m[1m^[22
m[39m[31m[1m^[22m
[39m
 [90m 4 |[39m 
[36mimport[39m [33
mBreadcrumbs[39m 
[36mfrom[39m [32m'
./Breadcrumbs'[39m[
33m;[39m
 [90m 5 |[39m 
[36mimport[39m 
[33mFooter[39m 
[36mfrom[39m [32m'
./Footer'[39m[33m;
[39m
 [90m 6 |[39m[0m



Import trace:
  Server Component:
    ./src/components/
features/contact/Cont
actView.tsx
    ./src/app/contact
/page.tsx

https://nextjs.org/do
cs/messages/module-no
t-found


./src/app/games/page.
tsx:2:1
Module not found: 
Can't resolve '@/comp
onents/GamesView'
[0m [90m 1 |[39m 
[36mimport[39m 
type { 
[33mMetadata[39m } 
[36mfrom[39m [32m"
next"[39m[33m;[39m
[31m[1m>[22m[39m
[90m 2 |[39m 
[36mimport[39m 
[33mGamesView[39m 
[36mfrom[39m [32m"
@/components/GamesVie
w"[39m[33m;[39m
 [90m   |[39m [31m
[1m^[22m[39m[31m
[1m^[22m[39m[31m[
1m^[22m[39m[31m[1
m^[22m[39m[31m[1m
^[22m[39m[31m[1m^
[22m[39m[31m[1m^
[22m[39m[31m[1m^[
22m[39m[31m[1m^[2
2m[39m[31m[1m^[22
m[39m[31m[1m^[22m
[39m[31m[1m^[22m
[39m[31m[1m^[22m[
39m[31m[1m^[22m[3
9m[31m[1m^[22m[39
m[31m[1m^[22m[39m
[31m[1m^[22m[39m
[31m[1m^[22m[39m[
31m[1m^[22m[39m[3
1m[1m^[22m[39m[31
m[1m^[22m[39m[31m
[1m^[22m[39m[31m
[1m^[22m[39m[31m[
1m^[22m[39m[31m[1
m^[22m[39m[31m[1m
^[22m[39m[31m[1m^
[22m[39m[31m[1m^
[22m[39m[31m[1m^[
22m[39m[31m[1m^[2
2m[39m[31m[1m^[22
m[39m[31m[1m^[22m
[39m[31m[1m^[22m
[39m[31m[1m^[22m[
39m[31m[1m^[22m[3
9m[31m[1m^[22m[39
m[31m[1m^[22m[39m
[31m[1m^[22m[39m
[31m[1m^[22m[39m[
31m[1m^[22m[39m[3
1m[1m^[22m[39m[31
m[1m^[22m[39m[31m
[1m^[22m[39m[31m
[1m^[22m[39m[31m[
1m^[22m[39m[31m[1
m^[22m[39m[31m[1m
^[22m[39m
 [90m 3 |[39m
 [90m 4 |[39m 
[36mexport[39m 
[36mconst[39m 
metadata[33m:[39m 
[33mMetadata[39m 
[33m=[39m {
 [90m 5 |[39m     
title[33m:[39m 
[32m'Games | 
GameForSmart 2026'[3
9m[33m,[39m[0m

Import map: aliased 
to relative './src/co
mponents/GamesView' 
inside of [project]/


https://nextjs.org/do
cs/messages/module-no
t-found


    at <unknown> (./s
rc/components/feature
s/about/AboutView.tsx
:4:1)
    at <unknown> (htt
ps://nextjs.org/docs/
messages/module-not-f
ound)
    at <unknown> (./s
rc/components/feature
s/contact/ContactView
.tsx:4:1)
    at <unknown> (htt
ps://nextjs.org/docs/
messages/module-not-f
ound)
    at <unknown> (./s
rc/components/feature
s/about/AboutView.tsx
:5:1)
    at <unknown> (htt
ps://nextjs.org/docs/
messages/module-not-f
ound)
    at <unknown> (./s
rc/components/feature
s/contact/ContactView
.tsx:5:1)
    at <unknown> (htt
ps://nextjs.org/docs/
messages/module-not-f
ound)
    at <unknown> (./s
rc/components/feature
s/about/AboutView.tsx
:2:1)
    at <unknown> (htt
ps://nextjs.org/docs/
messages/module-not-f
ound)
    at <unknown> (./s
rc/components/feature
s/contact/ContactView
.tsx:2:1)
    at <unknown> (htt
ps://nextjs.org/docs/
messages/module-not-f
ound)
    at <unknown> (./s
rc/components/feature
s/about/AboutView.tsx
:3:1)
    at <unknown> (htt
ps://nextjs.org/docs/
messages/module-not-f
ound)
    at <unknown> (./s
rc/components/feature
s/contact/ContactView
.tsx:3:1)
    at <unknown> (htt
ps://nextjs.org/docs/
messages/module-not-f
ound)
    at <unknown> (./s
rc/app/games/page.tsx
:2:1)
    at <unknown> (htt
ps://nextjs.org/docs/
messages/module-not-f
ound)
